// Jest Snapshot v1, https://goo.gl/fbAQLP

exports[`renders without crashing 1`] = `
<div
  className="container"
>
  <div
    className="MuiPaper-root MuiPaper-elevation1 container MuiPaper-rounded"
  >
    <h6
      className="MuiTypography-root MuiTypography-h6"
    >
      Project Path
    </h6>
    <div
      className="MuiFormControl-root MuiTextField-root sc-bdVaJa kdjZLc MuiFormControl-marginNormal"
    >
      <div
        className="MuiInputBase-root MuiOutlinedInput-root MuiInputBase-formControl"
        onClick={[Function]}
      >
        <input
          aria-invalid={false}
          autoFocus={false}
          className="MuiInputBase-input MuiOutlinedInput-input"
          disabled={false}
          id="project-path-input"
          onAnimationStart={[Function]}
          onBlur={[Function]}
          onChange={[Function]}
          onFocus={[Function]}
          required={false}
          type="text"
        />
        <fieldset
          aria-hidden={true}
          className="PrivateNotchedOutline-root-100 MuiOutlinedInput-notchedOutline"
          style={
            Object {
              "paddingLeft": 8,
            }
          }
        >
          <legend
            className="PrivateNotchedOutline-legend-101"
            style={
              Object {
                "width": 0.01,
              }
            }
          >
            <span
              dangerouslySetInnerHTML={
                Object {
                  "__html": "&#8203;",
                }
              }
            />
          </legend>
        </fieldset>
      </div>
    </div>
    <button
      className="MuiButtonBase-root MuiButton-root MuiButton-contained"
      disabled={false}
      onBlur={[Function]}
      onClick={[Function]}
      onDragLeave={[Function]}
      onFocus={[Function]}
      onKeyDown={[Function]}
      onKeyUp={[Function]}
      onMouseDown={[Function]}
      onMouseLeave={[Function]}
      onMouseUp={[Function]}
      onTouchEnd={[Function]}
      onTouchMove={[Function]}
      onTouchStart={[Function]}
      style={
        Object {
          "marginLeft": "10px",
          "marginTop": "22px",
          "padding": "10px",
        }
      }
      tabIndex={0}
      type="button"
    >
      <span
        className="MuiButton-label"
      >
        Select directory...
      </span>
    </button>
    <br />
    <h6
      className="MuiTypography-root MuiTypography-h6"
    >
      Project Name
    </h6>
    <div
      className="MuiFormControl-root MuiTextField-root sc-bwzfXH iBveIV MuiFormControl-marginNormal"
    >
      <div
        className="MuiInputBase-root MuiOutlinedInput-root MuiInputBase-formControl"
        onClick={[Function]}
      >
        <input
          aria-invalid={false}
          autoFocus={false}
          className="MuiInputBase-input MuiOutlinedInput-input"
          disabled={false}
          id="project-name-input"
          onAnimationStart={[Function]}
          onBlur={[Function]}
          onChange={[Function]}
          onFocus={[Function]}
          required={false}
          type="text"
        />
        <fieldset
          aria-hidden={true}
          className="PrivateNotchedOutline-root-100 MuiOutlinedInput-notchedOutline"
          style={
            Object {
              "paddingLeft": 8,
            }
          }
        >
          <legend
            className="PrivateNotchedOutline-legend-101"
            style={
              Object {
                "width": 0.01,
              }
            }
          >
            <span
              dangerouslySetInnerHTML={
                Object {
                  "__html": "&#8203;",
                }
              }
            />
          </legend>
        </fieldset>
      </div>
    </div>
  </div>
  <br />
  <button
    className="MuiButtonBase-root MuiButton-root MuiButton-contained MuiButton-containedSecondary"
    disabled={false}
    onBlur={[Function]}
    onClick={[Function]}
    onDragLeave={[Function]}
    onFocus={[Function]}
    onKeyDown={[Function]}
    onKeyUp={[Function]}
    onMouseDown={[Function]}
    onMouseLeave={[Function]}
    onMouseUp={[Function]}
    onTouchEnd={[Function]}
    onTouchMove={[Function]}
    onTouchStart={[Function]}
    tabIndex={0}
    type="button"
  >
    <span
      className="MuiButton-label"
    >
      Add Project
    </span>
  </button>
</div>
`;
