// Jest Snapshot v1, https://goo.gl/fbAQLP

exports[`renders without crashing 1`] = `
<div>
  <div>
    <div
      className="MuiPaper-root MuiPaper-elevation0 MuiStepper-root MuiStepper-horizontal"
    >
      <div
        className="MuiStep-root MuiStep-horizontal"
      >
        <span
          className="MuiStepLabel-root MuiStepLabel-horizontal"
        >
          <span
            className="MuiStepLabel-iconContainer"
          >
            <svg
              aria-hidden="true"
              className="MuiSvgIcon-root MuiStepIcon-root MuiStepIcon-active"
              focusable="false"
              role="presentation"
              viewBox="0 0 24 24"
            >
              <circle
                cx="12"
                cy="12"
                r="12"
              />
              <text
                className="MuiStepIcon-text"
                textAnchor="middle"
                x="12"
                y="16"
              >
                1
              </text>
            </svg>
          </span>
          <span
            className="MuiStepLabel-labelContainer"
          >
            <span
              className="MuiTypography-root MuiStepLabel-label MuiStepLabel-active MuiTypography-body2 MuiTypography-displayBlock"
            >
              Enter The Name of The Menu to Make Grammar(s) for
            </span>
          </span>
        </span>
      </div>
      <div
        className="MuiStepConnector-root MuiStepConnector-horizontal Mui-disabled"
      >
        <span
          className="MuiStepConnector-line MuiStepConnector-lineHorizontal"
        />
      </div>
      <div
        className="MuiStep-root MuiStep-horizontal"
      >
        <span
          className="MuiStepLabel-root MuiStepLabel-horizontal Mui-disabled"
        >
          <span
            className="MuiStepLabel-iconContainer"
          >
            <svg
              aria-hidden="true"
              className="MuiSvgIcon-root MuiStepIcon-root"
              focusable="false"
              role="presentation"
              viewBox="0 0 24 24"
            >
              <circle
                cx="12"
                cy="12"
                r="12"
              />
              <text
                className="MuiStepIcon-text"
                textAnchor="middle"
                x="12"
                y="16"
              >
                2
              </text>
            </svg>
          </span>
          <span
            className="MuiStepLabel-labelContainer"
          >
            <span
              className="MuiTypography-root MuiStepLabel-label MuiTypography-body2 MuiTypography-displayBlock"
            >
              Select DTMF Options
            </span>
          </span>
        </span>
      </div>
      <div
        className="MuiStepConnector-root MuiStepConnector-horizontal Mui-disabled"
      >
        <span
          className="MuiStepConnector-line MuiStepConnector-lineHorizontal"
        />
      </div>
      <div
        className="MuiStep-root MuiStep-horizontal"
      >
        <span
          className="MuiStepLabel-root MuiStepLabel-horizontal Mui-disabled"
        >
          <span
            className="MuiStepLabel-iconContainer"
          >
            <svg
              aria-hidden="true"
              className="MuiSvgIcon-root MuiStepIcon-root"
              focusable="false"
              role="presentation"
              viewBox="0 0 24 24"
            >
              <circle
                cx="12"
                cy="12"
                r="12"
              />
              <text
                className="MuiStepIcon-text"
                textAnchor="middle"
                x="12"
                y="16"
              >
                3
              </text>
            </svg>
          </span>
          <span
            className="MuiStepLabel-labelContainer"
          >
            <span
              className="MuiTypography-root MuiStepLabel-label MuiTypography-body2 MuiTypography-displayBlock"
            >
              Repeat?
            </span>
          </span>
        </span>
      </div>
      <div
        className="MuiStepConnector-root MuiStepConnector-horizontal Mui-disabled"
      >
        <span
          className="MuiStepConnector-line MuiStepConnector-lineHorizontal"
        />
      </div>
      <div
        className="MuiStep-root MuiStep-horizontal"
      >
        <span
          className="MuiStepLabel-root MuiStepLabel-horizontal Mui-disabled"
        >
          <span
            className="MuiStepLabel-iconContainer"
          >
            <svg
              aria-hidden="true"
              className="MuiSvgIcon-root MuiStepIcon-root"
              focusable="false"
              role="presentation"
              viewBox="0 0 24 24"
            >
              <circle
                cx="12"
                cy="12"
                r="12"
              />
              <text
                className="MuiStepIcon-text"
                textAnchor="middle"
                x="12"
                y="16"
              >
                4
              </text>
            </svg>
          </span>
          <span
            className="MuiStepLabel-labelContainer"
          >
            <span
              className="MuiTypography-root MuiStepLabel-label MuiTypography-body2 MuiTypography-displayBlock"
            >
              Select Type of Grammar(s)
            </span>
          </span>
        </span>
      </div>
    </div>
    <div
      className="container"
    >
      <button
        className="MuiButtonBase-root MuiButton-root MuiButton-contained Mui-disabled Mui-disabled"
        disabled={true}
        onBlur={[Function]}
        onClick={[Function]}
        onDragLeave={[Function]}
        onFocus={[Function]}
        onKeyDown={[Function]}
        onKeyUp={[Function]}
        onMouseDown={[Function]}
        onMouseLeave={[Function]}
        onMouseUp={[Function]}
        onTouchEnd={[Function]}
        onTouchMove={[Function]}
        onTouchStart={[Function]}
        tabIndex={-1}
        type="button"
      >
        <span
          className="MuiButton-label"
        >
          Previous
        </span>
      </button>
      <button
        className="MuiButtonBase-root MuiButton-root MuiButton-contained MuiButton-containedSecondary"
        disabled={false}
        onBlur={[Function]}
        onClick={[Function]}
        onDragLeave={[Function]}
        onFocus={[Function]}
        onKeyDown={[Function]}
        onKeyUp={[Function]}
        onMouseDown={[Function]}
        onMouseLeave={[Function]}
        onMouseUp={[Function]}
        onTouchEnd={[Function]}
        onTouchMove={[Function]}
        onTouchStart={[Function]}
        style={
          Object {
            "marginLeft": "5px",
          }
        }
        tabIndex={0}
        type="button"
      >
        <span
          className="MuiButton-label"
        >
          Next
        </span>
      </button>
      <br />
      <div
        className="sc-bwzfXH jQNUeE"
      >
        <div
          className="MuiFormControl-root MuiTextField-root MuiFormControl-marginNormal"
        >
          <label
            className="MuiFormLabel-root MuiInputLabel-root MuiInputLabel-formControl MuiInputLabel-animated MuiInputLabel-outlined Mui-required Mui-required"
            data-shrink={false}
          >
            Menu Name
            <span
              className="MuiFormLabel-asterisk MuiInputLabel-asterisk"
            >
              â€‰
              *
            </span>
          </label>
          <div
            className="MuiInputBase-root MuiOutlinedInput-root MuiInputBase-formControl"
            onClick={[Function]}
          >
            <input
              aria-invalid={false}
              autoFocus={false}
              className="MuiInputBase-input MuiOutlinedInput-input"
              disabled={false}
              onAnimationStart={[Function]}
              onBlur={[Function]}
              onChange={[Function]}
              onFocus={[Function]}
              required={true}
              type="text"
              value=""
            />
            <fieldset
              aria-hidden={true}
              className="PrivateNotchedOutline-root-210 MuiOutlinedInput-notchedOutline"
              style={
                Object {
                  "paddingLeft": 8,
                }
              }
            >
              <legend
                className="PrivateNotchedOutline-legend-211"
                style={
                  Object {
                    "width": 0.01,
                  }
                }
              >
                <span
                  dangerouslySetInnerHTML={
                    Object {
                      "__html": "&#8203;",
                    }
                  }
                />
              </legend>
            </fieldset>
          </div>
          <p
            className="MuiFormHelperText-root MuiFormHelperText-contained Mui-required"
          >
            Enter the name of the menu you are creating grammar(s) for
          </p>
        </div>
      </div>
    </div>
  </div>
</div>
`;
